2025-03-24 21:10:00 | DEBUG | repo=pv243-a4m36jee-2016-cdi-seminar | action=test | passed=true
2025-10-24 08:29:00 | INFO | repo=pv243-a4m36jee-2016-cdi-seminar | action=commit
2025-10-23 09:34:00 | DEBUG | repo=pv243-a4m36jee-2016-cdi-seminar | action=commit
2025-04-09 21:39:00 | INFO | repo=pv243-a4m36jee-2016-cdi-seminar | action=commit
2025-10-02 08:40:00 | DEBUG | repo=pv243-a4m36jee-2016-cdi-seminar | action=test | passed=true
2025-04-08 19:01:00 | DEBUG | repo=pv243-a4m36jee-2016-cdi-seminar | action=commit
2025-11-26 20:14:00 | WARN | repo=pv243-a4m36jee-2016-cdi-seminar | action=commit
2025-12-10 11:40:00 | INFO | repo=pv243-a4m36jee-2016-cdi-seminar | action=pull
2025-09-12 14:49:00 | DEBUG | repo=pv243-a4m36jee-2016-cdi-seminar | action=edit | files=4
2025-06-12 11:19:00 | INFO | repo=pv243-a4m36jee-2016-cdi-seminar | action=commit
2025-08-03 12:24:00 | WARN | repo=pv243-a4m36jee-2016-cdi-seminar | action=commit
2025-12-26 14:39:00 | DEBUG | repo=pv243-a4m36jee-2016-cdi-seminar | action=commit
2025-10-19 13:10:00 | INFO | repo=pv243-a4m36jee-2016-cdi-seminar | action=commit
2025-12-21 17:06:00 | INFO | repo=pv243-a4m36jee-2016-cdi-seminar | action=pull
2025-10-17 19:40:00 | INFO | repo=pv243-a4m36jee-2016-cdi-seminar | action=commit
2025-06-06 08:24:00 | INFO | repo=pv243-a4m36jee-2016-cdi-seminar | action=commit
2025-06-09 10:26:00 | WARN | repo=pv243-a4m36jee-2016-cdi-seminar | action=commit
2025-09-07 10:06:00 | INFO | repo=pv243-a4m36jee-2016-cdi-seminar | action=commit
2025-04-17 15:31:00 | WARN | repo=pv243-a4m36jee-2016-cdi-seminar | action=test | passed=true
2025-01-14 21:09:00 | INFO | repo=pv243-a4m36jee-2016-cdi-seminar | action=edit | files=4
2025-09-14 09:59:00 | DEBUG | repo=pv243-a4m36jee-2016-cdi-seminar | action=commit
2025-05-28 21:27:00 | DEBUG | repo=pv243-a4m36jee-2016-cdi-seminar | action=test | passed=true
2025-11-10 08:52:00 | INFO | repo=pv243-a4m36jee-2016-cdi-seminar | action=edit | files=4
2025-05-19 15:38:00 | WARN | repo=pv243-a4m36jee-2016-cdi-seminar | action=pull
2025-10-27 07:27:00 | DEBUG | repo=pv243-a4m36jee-2016-cdi-seminar | action=pull
2025-05-02 20:09:00 | DEBUG | repo=pv243-a4m36jee-2016-cdi-seminar | action=commit
2025-10-06 11:50:00 | DEBUG | repo=pv243-a4m36jee-2016-cdi-seminar | action=commit
2025-04-14 19:14:00 | DEBUG | repo=pv243-a4m36jee-2016-cdi-seminar | action=commit
2025-07-01 12:51:00 | INFO | repo=pv243-a4m36jee-2016-cdi-seminar | action=commit
2025-11-06 10:28:00 | INFO | repo=pv243-a4m36jee-2016-cdi-seminar | action=test | passed=true
2025-10-23 18:11:00 | WARN | repo=pv243-a4m36jee-2016-cdi-seminar | action=edit | files=4
2025-12-11 08:57:00 | INFO | repo=pv243-a4m36jee-2016-cdi-seminar | action=commit
2025-02-20 08:59:00 | DEBUG | repo=pv243-a4m36jee-2016-cdi-seminar | action=commit
2025-02-08 10:42:00 | WARN | repo=pv243-a4m36jee-2016-cdi-seminar | action=commit
2025-04-01 16:52:00 | WARN | repo=pv243-a4m36jee-2016-cdi-seminar | action=commit
2025-06-02 17:55:00 | DEBUG | repo=pv243-a4m36jee-2016-cdi-seminar | action=commit
